gthr-default.h:229:1:int __gthread_key_delete(__gthread_key_t)	16	static
stl_vector.h:125:14:std::_Vector_base<int, std::allocator<int> >::_Vector_impl::~_Vector_impl()	16	static
stl_vector.h:285:7:std::_Vector_base<_Tp, _Alloc>::_Vector_base() [with _Tp = int; _Alloc = std::allocator<int>]	16	static
stl_vector.h:484:7:std::vector<_Tp, _Alloc>::vector() [with _Tp = int; _Alloc = std::allocator<int>]	16	static
total_display.cpp:27:6:void TFT_DrawBitmap_d(uint32_t, uint32_t, const uint8_t*, uint16_t, uint16_t, uint8_t)	56	static
total_display.cpp:52:6:void test_output()	16	static
total_display.cpp:66:6:void TFT_FillScreen(uint32_t)	24	static
stl_vector.h:128:2:std::_Vector_base<_Tp, _Alloc>::_Vector_impl::_Vector_impl() [with _Tp = int; _Alloc = std::allocator<int>]	16	static
allocator.h:153:7:std::allocator< <template-parameter-1-1> >::~allocator() [with _Tp = int]	16	static
stl_vector.h:330:7:std::_Vector_base<_Tp, _Alloc>::~_Vector_base() [with _Tp = int; _Alloc = std::allocator<int>]	16	static
stl_vector.h:675:7:std::vector<_Tp, _Alloc>::~vector() [with _Tp = int; _Alloc = std::allocator<int>]	24	static
allocator.h:138:7:std::allocator< <template-parameter-1-1> >::allocator() [with _Tp = int]	16	static
stl_vector.h:94:2:std::_Vector_base<_Tp, _Alloc>::_Vector_impl_data::_Vector_impl_data() [with _Tp = int; _Alloc = std::allocator<int>]	16	static
new_allocator.h:89:7:__gnu_cxx::new_allocator<_Tp>::~new_allocator() [with _Tp = int]	16	static
stl_vector.h:347:7:void std::_Vector_base<_Tp, _Alloc>::_M_deallocate(std::_Vector_base<_Tp, _Alloc>::pointer, std::size_t) [with _Tp = int; _Alloc = std::allocator<int>]	24	static
stl_vector.h:273:7:std::_Vector_base<_Tp, _Alloc>::_Tp_alloc_type& std::_Vector_base<_Tp, _Alloc>::_M_get_Tp_allocator() [with _Tp = int; _Alloc = std::allocator<int>]	16	static
stl_construct.h:203:5:void std::_Destroy(_ForwardIterator, _ForwardIterator, std::allocator<_T2>&) [with _ForwardIterator = int*; _Tp = int]	24	static
new_allocator.h:80:7:__gnu_cxx::new_allocator<_Tp>::new_allocator() [with _Tp = int]	16	static
alloc_traits.h:469:7:static void std::allocator_traits<std::allocator<_CharT> >::deallocate(std::allocator_traits<std::allocator<_CharT> >::allocator_type&, std::allocator_traits<std::allocator<_CharT> >::pointer, std::allocator_traits<std::allocator<_CharT> >::size_type) [with _Tp = int]	24	static
stl_construct.h:127:5:void std::_Destroy(_ForwardIterator, _ForwardIterator) [with _ForwardIterator = int*]	16	static
new_allocator.h:119:7:void __gnu_cxx::new_allocator<_Tp>::deallocate(__gnu_cxx::new_allocator<_Tp>::pointer, __gnu_cxx::new_allocator<_Tp>::size_type) [with _Tp = int]	24	static
stl_construct.h:117:9:static void std::_Destroy_aux<true>::__destroy(_ForwardIterator, _ForwardIterator) [with _ForwardIterator = int*]	16	static
total_display.cpp:77:1:void __static_initialization_and_destruction_0(int, int)	16	static
total_display.cpp:77:1:cpp)	8	static
total_display.cpp:77:1:cpp)	8	static
